e: file:///D:/Zhuo%20Mian/pixel-toolbox/app/src/main/java/com/example/pixeltoolbox/signal/SignalMonitor.kt:43:53 No value passed for parameter 'dumpsysRaw'
e: file:///D:/Zhuo%20Mian/pixel-toolbox/app/src/main/java/com/example/pixeltoolbox/ui/signal/SignalDashboardUI.kt:531:34 Unresolved reference: drawWithCache
e: file:///D:/Zhuo%20Mian/pixel-toolbox/app/src/main/java/com/example/pixeltoolbox/ui/signal/SignalDashboardUI.kt:533:61 Unresolved reference: toPx
e: file:///D:/Zhuo%20Mian/pixel-toolbox/app/src/main/java/com/example/pixeltoolbox/ui/signal/SignalDashboardUI.kt:534:56 Function invocation 'size(...)' expected
e: file:///D:/Zhuo%20Mian/pixel-toolbox/app/src/main/java/com/example/pixeltoolbox/ui/signal/SignalDashboardUI.kt:534:56 Unresolved reference. None of the following candidates is applicable because of receiver type mismatch: 
public fun Modifier.size(size: Dp): Modifier defined in androidx.compose.foundation.layout
public fun Modifier.size(width: Dp, height: Dp): Modifier defined in androidx.compose.foundation.layout
public fun Modifier.size(size: DpSize): Modifier defined in androidx.compose.foundation.layout
e: file:///D:/Zhuo%20Mian/pixel-toolbox/app/src/main/java/com/example/pixeltoolbox/ui/signal/SignalDashboardUI.kt:534:92 Function invocation 'size(...)' expected
e: file:///D:/Zhuo%20Mian/pixel-toolbox/app/src/main/java/com/example/pixeltoolbox/ui/signal/SignalDashboardUI.kt:534:92 Unresolved reference. None of the following candidates is applicable because of receiver type mismatch: 
public fun Modifier.size(size: Dp): Modifier defined in androidx.compose.foundation.layout
public fun Modifier.size(width: Dp, height: Dp): Modifier defined in androidx.compose.foundation.layout
public fun Modifier.size(size: DpSize): Modifier defined in androidx.compose.foundation.layout
e: file:///D:/Zhuo%20Mian/pixel-toolbox/app/src/main/java/com/example/pixeltoolbox/ui/signal/SignalDashboardUI.kt:536:37 Unresolved reference: onDrawBehind
e: file:///D:/Zhuo%20Mian/pixel-toolbox/app/src/main/java/com/example/pixeltoolbox/ui/signal/SignalDashboardUI.kt:537:41 Unresolved reference: drawArc

FAILURE: Build failed with an exception.

* What went wrong:
Execution failed for task ':app:compileDebugKotlin'.
> A failure occurred while executing org.jetbrains.kotlin.compilerRunner.GradleCompilerRunnerWithWorkers$GradleKotlinCompilerWorkAction
   > Compilation error. See log for more details

* Try:
> Run with --stacktrace option to get the stack trace.
> Run with --info or --debug option to get more log output.
> Run with --scan to get full insights.
> Get more help at https://help.gradle.org.

BUILD FAILED in 6m 27s
